================================================================
Downloading tarballs from heroku 
https://devcenter.heroku.com/articles/heroku-cli 
--- installation can proceed in any folder without sudo access 
================================================================
cn22@cnadmin:~/softwr/heroku$ ./bin/heroku 
CLI to interact with Heroku

VERSION
  heroku/7.38.2 linux-x64 node-v12.13.0

USAGE
  $ heroku [COMMAND]

COMMANDS
  access          manage user access to apps
  addons          tools and services for developing, extending, and operating your app
  apps            manage apps on Heroku
  auth            check 2fa status
  authorizations  OAuth authorizations
  autocomplete    display autocomplete installation instructions
  base
  buildpacks      scripts used to compile apps
  certs           a topic for the ssl plugin
  ci              run an application test suite on Heroku
  clients         OAuth clients on the platform
  config          environment variables of apps
  container       Use containers to build and deploy Heroku apps
  domains         custom domains for apps
  drains          forward logs to syslog or HTTPS
  features        add/remove app features
  git             manage local git repository for app
  help            display help for heroku
  keys            add/remove account ssh keys
  labs            add/remove experimental features
  local           run Heroku app locally
  logs            display recent log output
  maintenance     enable/disable access to app
  members         manage organization members
  notifications   display notifications
  orgs            manage organizations
  pg              manage postgresql databases
  pipelines       manage pipelines
  plugins         list installed plugins
  ps              Client tools for Heroku Exec
  psql            open a psql shell to the database
  redis           manage heroku redis instances
  regions         list available regions for deployment
  releases        display the releases for an app
  reviewapps      manage reviewapps in pipelines
  run             run a one-off process inside a Heroku dyno
  sessions        OAuth sessions
  spaces          manage heroku private spaces
  status          status of the Heroku platform
  teams           manage teams
  update          update the Heroku CLI
  webhooks        list webhooks on an app
=============================================
Login to heroku :
cn22@cnadmin:~/softwr/heroku$ bash ./bin/heroku login -i
heroku: Enter your login credentials
Email: arunava.banerjee@capitalnumbers.com
Password: ***************
Logged in as arunava.banerjee@capitalnumbers.com
cn22@cnadmin:~/softwr/heroku$ 
===============================================
Prepare the app: clone the app: 
cn22@cnadmin:~/softwr/heroku/apps$ git clone https://github.com/heroku/php-getting-started.git
Cloning into 'php-getting-started'...
remote: Enumerating objects: 189, done.
remote: Total 189 (delta 0), reused 0 (delta 0), pack-reused 189
Receiving objects: 100% (189/189), 49.78 KiB | 0 bytes/s, done.
Resolving deltas: 100% (77/77), done.
Checking connectivity... done.
cn22@cnadmin:~/softwr/heroku/apps$ 
================================================
Update using composer.
cn22@cnadmin:~/softwr/heroku/apps/php-getting-started$ /data/html/composer/composer.phar update 
Loading composer repositories with package information
Updating dependencies (including require-dev)
Package operations: 22 installs, 0 updates, 0 removals
  - Installing symfony/routing (v4.4.4): Downloading (100%)         
  - Installing psr/log (1.1.2): Downloading (100%)         
  - Installing symfony/polyfill-php73 (v1.14.0): Downloading (100%)         
  - Installing symfony/polyfill-ctype (v1.14.0): Downloading (100%)         
  - Installing symfony/polyfill-mbstring (v1.14.0): Downloading (100%)         
  - Installing symfony/polyfill-php72 (v1.14.0): Downloading (100%)         
  - Installing symfony/polyfill-intl-idn (v1.14.0): Downloading (100%)         
  - Installing symfony/mime (v4.4.4): Downloading (100%)         
  - Installing symfony/http-foundation (v4.4.4): Downloading (100%)         
  - Installing symfony/event-dispatcher-contracts (v1.1.7): Downloading (100%)         
  - Installing psr/container (1.0.0): Downloading (100%)         
  - Installing symfony/event-dispatcher (v4.4.4): Downloading (100%)         
  - Installing symfony/var-dumper (v4.4.4): Downloading (100%)         
  - Installing symfony/debug (v4.4.4): Downloading (100%)         
  - Installing symfony/error-handler (v4.4.4): Downloading (100%)         
  - Installing symfony/http-kernel (v4.4.4): Downloading (100%)         
  - Installing pimple/pimple (v3.2.3): Downloading (100%)         
  - Installing silex/silex (v2.3.0): Downloading (100%)         
  - Installing monolog/monolog (1.25.3): Downloading (100%)         
  - Installing twig/twig (v2.12.5): Downloading (100%)         
  - Installing symfony/twig-bridge (v3.4.37): Downloading (100%)         
  - Installing heroku/heroku-buildpack-php (v171): Downloading (100%)         
symfony/routing suggests installing symfony/config (For using the all-in-one router or any loader)
symfony/routing suggests installing symfony/yaml (For using the YAML loader)
symfony/routing suggests installing symfony/expression-language (For using expression matching)
symfony/routing suggests installing doctrine/annotations (For using the annotation loader)
symfony/event-dispatcher-contracts suggests installing psr/event-dispatcher
symfony/event-dispatcher suggests installing symfony/dependency-injection
symfony/var-dumper suggests installing symfony/console (To use the ServerDumpCommand and/or the bin/var-dump-server script)
symfony/http-kernel suggests installing symfony/browser-kit
symfony/http-kernel suggests installing symfony/config
symfony/http-kernel suggests installing symfony/console
symfony/http-kernel suggests installing symfony/dependency-injection
monolog/monolog suggests installing graylog2/gelf-php (Allow sending log messages to a GrayLog2 server)
monolog/monolog suggests installing sentry/sentry (Allow sending log messages to a Sentry server)
monolog/monolog suggests installing doctrine/couchdb (Allow sending log messages to a CouchDB server)
monolog/monolog suggests installing ruflin/elastica (Allow sending log messages to an Elastic Search server)
monolog/monolog suggests installing php-amqplib/php-amqplib (Allow sending log messages to an AMQP server using php-amqplib)
monolog/monolog suggests installing ext-amqp (Allow sending log messages to an AMQP server (1.0+ required))
monolog/monolog suggests installing ext-mongo (Allow sending log messages to a MongoDB server)
monolog/monolog suggests installing mongodb/mongodb (Allow sending log messages to a MongoDB server via PHP Driver)
monolog/monolog suggests installing aws/aws-sdk-php (Allow sending log messages to AWS services like DynamoDB)
monolog/monolog suggests installing rollbar/rollbar (Allow sending log messages to Rollbar)
monolog/monolog suggests installing php-console/php-console (Allow sending log messages to Google Chrome)
symfony/twig-bridge suggests installing symfony/finder
symfony/twig-bridge suggests installing symfony/asset (For using the AssetExtension)
symfony/twig-bridge suggests installing symfony/form (For using the FormExtension)
symfony/twig-bridge suggests installing symfony/templating (For using the TwigEngine)
symfony/twig-bridge suggests installing symfony/translation (For using the TranslationExtension)
symfony/twig-bridge suggests installing symfony/yaml (For using the YamlExtension)
symfony/twig-bridge suggests installing symfony/security (For using the SecurityExtension)
symfony/twig-bridge suggests installing symfony/stopwatch (For using the StopwatchExtension)
symfony/twig-bridge suggests installing symfony/expression-language (For using the ExpressionExtension)
symfony/twig-bridge suggests installing symfony/web-link (For using the WebLinkExtension)
Package silex/silex is abandoned, you should avoid using it. Use symfony/flex instead.
Writing lock file
Generating autoload files
cn22@cnadmin:~/softwr/heroku/apps/php-getting-started$ 
==========================================================
Deloying the app: 
cn22@cnadmin:~/softwr/heroku/apps/php-getting-started$ bash ~/softwr/heroku/bin/heroku create 
Creating app... done, â¬¢ stark-badlands-91540
https://stark-badlands-91540.herokuapp.com/ | https://git.heroku.com/stark-badlands-91540.git
cn22@cnadmin:~/softwr/heroku/apps/php-getting-started$ 
==========================================================




