================================================================
Downloading tarballs from heroku 
https://devcenter.heroku.com/articles/heroku-cli 
--- installation can proceed in any folder without sudo access 
================================================================
cn22@cnadmin:~/softwr/heroku$ ./bin/heroku 
CLI to interact with Heroku

VERSION
  heroku/7.38.2 linux-x64 node-v12.13.0

USAGE
  $ heroku [COMMAND]

COMMANDS
  access          manage user access to apps
  addons          tools and services for developing, extending, and operating your app
  apps            manage apps on Heroku
  auth            check 2fa status
  authorizations  OAuth authorizations
  autocomplete    display autocomplete installation instructions
  base
  buildpacks      scripts used to compile apps
  certs           a topic for the ssl plugin
  ci              run an application test suite on Heroku
  clients         OAuth clients on the platform
  config          environment variables of apps
  container       Use containers to build and deploy Heroku apps
  domains         custom domains for apps
  drains          forward logs to syslog or HTTPS
  features        add/remove app features
  git             manage local git repository for app
  help            display help for heroku
  keys            add/remove account ssh keys
  labs            add/remove experimental features
  local           run Heroku app locally
  logs            display recent log output
  maintenance     enable/disable access to app
  members         manage organization members
  notifications   display notifications
  orgs            manage organizations
  pg              manage postgresql databases
  pipelines       manage pipelines
  plugins         list installed plugins
  ps              Client tools for Heroku Exec
  psql            open a psql shell to the database
  redis           manage heroku redis instances
  regions         list available regions for deployment
  releases        display the releases for an app
  reviewapps      manage reviewapps in pipelines
  run             run a one-off process inside a Heroku dyno
  sessions        OAuth sessions
  spaces          manage heroku private spaces
  status          status of the Heroku platform
  teams           manage teams
  update          update the Heroku CLI
  webhooks        list webhooks on an app
=============================================
Login to heroku :
cn22@cnadmin:~/softwr/heroku$ bash ./bin/heroku login -i
heroku: Enter your login credentials
Email: arunava.banerjee@capitalnumbers.com
Password: ***************
Logged in as arunava.banerjee@capitalnumbers.com
cn22@cnadmin:~/softwr/heroku$ 
===============================================
Prepare the app: clone the app: 
cn22@cnadmin:~/softwr/heroku/apps$ git clone https://github.com/heroku/php-getting-started.git
Cloning into 'php-getting-started'...
remote: Enumerating objects: 189, done.
remote: Total 189 (delta 0), reused 0 (delta 0), pack-reused 189
Receiving objects: 100% (189/189), 49.78 KiB | 0 bytes/s, done.
Resolving deltas: 100% (77/77), done.
Checking connectivity... done.
cn22@cnadmin:~/softwr/heroku/apps$ 
================================================
Update using composer.
cn22@cnadmin:~/softwr/heroku/apps/php-getting-started$ /data/html/composer/composer.phar update 
Loading composer repositories with package information
Updating dependencies (including require-dev)
Package operations: 22 installs, 0 updates, 0 removals
  - Installing symfony/routing (v4.4.4): Downloading (100%)         
  - Installing psr/log (1.1.2): Downloading (100%)         
  - Installing symfony/polyfill-php73 (v1.14.0): Downloading (100%)         
  - Installing symfony/polyfill-ctype (v1.14.0): Downloading (100%)         
  - Installing symfony/polyfill-mbstring (v1.14.0): Downloading (100%)         
  - Installing symfony/polyfill-php72 (v1.14.0): Downloading (100%)         
  - Installing symfony/polyfill-intl-idn (v1.14.0): Downloading (100%)         
  - Installing symfony/mime (v4.4.4): Downloading (100%)         
  - Installing symfony/http-foundation (v4.4.4): Downloading (100%)         
  - Installing symfony/event-dispatcher-contracts (v1.1.7): Downloading (100%)         
  - Installing psr/container (1.0.0): Downloading (100%)         
  - Installing symfony/event-dispatcher (v4.4.4): Downloading (100%)         
  - Installing symfony/var-dumper (v4.4.4): Downloading (100%)         
  - Installing symfony/debug (v4.4.4): Downloading (100%)         
  - Installing symfony/error-handler (v4.4.4): Downloading (100%)         
  - Installing symfony/http-kernel (v4.4.4): Downloading (100%)         
  - Installing pimple/pimple (v3.2.3): Downloading (100%)         
  - Installing silex/silex (v2.3.0): Downloading (100%)         
  - Installing monolog/monolog (1.25.3): Downloading (100%)         
  - Installing twig/twig (v2.12.5): Downloading (100%)         
  - Installing symfony/twig-bridge (v3.4.37): Downloading (100%)         
  - Installing heroku/heroku-buildpack-php (v171): Downloading (100%)         
symfony/routing suggests installing symfony/config (For using the all-in-one router or any loader)
symfony/routing suggests installing symfony/yaml (For using the YAML loader)
symfony/routing suggests installing symfony/expression-language (For using expression matching)
symfony/routing suggests installing doctrine/annotations (For using the annotation loader)
symfony/event-dispatcher-contracts suggests installing psr/event-dispatcher
symfony/event-dispatcher suggests installing symfony/dependency-injection
symfony/var-dumper suggests installing symfony/console (To use the ServerDumpCommand and/or the bin/var-dump-server script)
symfony/http-kernel suggests installing symfony/browser-kit
symfony/http-kernel suggests installing symfony/config
symfony/http-kernel suggests installing symfony/console
symfony/http-kernel suggests installing symfony/dependency-injection
monolog/monolog suggests installing graylog2/gelf-php (Allow sending log messages to a GrayLog2 server)
monolog/monolog suggests installing sentry/sentry (Allow sending log messages to a Sentry server)
monolog/monolog suggests installing doctrine/couchdb (Allow sending log messages to a CouchDB server)
monolog/monolog suggests installing ruflin/elastica (Allow sending log messages to an Elastic Search server)
monolog/monolog suggests installing php-amqplib/php-amqplib (Allow sending log messages to an AMQP server using php-amqplib)
monolog/monolog suggests installing ext-amqp (Allow sending log messages to an AMQP server (1.0+ required))
monolog/monolog suggests installing ext-mongo (Allow sending log messages to a MongoDB server)
monolog/monolog suggests installing mongodb/mongodb (Allow sending log messages to a MongoDB server via PHP Driver)
monolog/monolog suggests installing aws/aws-sdk-php (Allow sending log messages to AWS services like DynamoDB)
monolog/monolog suggests installing rollbar/rollbar (Allow sending log messages to Rollbar)
monolog/monolog suggests installing php-console/php-console (Allow sending log messages to Google Chrome)
symfony/twig-bridge suggests installing symfony/finder
symfony/twig-bridge suggests installing symfony/asset (For using the AssetExtension)
symfony/twig-bridge suggests installing symfony/form (For using the FormExtension)
symfony/twig-bridge suggests installing symfony/templating (For using the TwigEngine)
symfony/twig-bridge suggests installing symfony/translation (For using the TranslationExtension)
symfony/twig-bridge suggests installing symfony/yaml (For using the YamlExtension)
symfony/twig-bridge suggests installing symfony/security (For using the SecurityExtension)
symfony/twig-bridge suggests installing symfony/stopwatch (For using the StopwatchExtension)
symfony/twig-bridge suggests installing symfony/expression-language (For using the ExpressionExtension)
symfony/twig-bridge suggests installing symfony/web-link (For using the WebLinkExtension)
Package silex/silex is abandoned, you should avoid using it. Use symfony/flex instead.
Writing lock file
Generating autoload files
cn22@cnadmin:~/softwr/heroku/apps/php-getting-started$ 
==========================================================
Deloying the app: 
cn22@cnadmin:~/softwr/heroku/apps/php-getting-started$ bash ~/softwr/heroku/bin/heroku create 
Creating app... done, â¬¢ stark-badlands-91540
https://stark-badlands-91540.herokuapp.com/ | https://git.heroku.com/stark-badlands-91540.git
cn22@cnadmin:~/softwr/heroku/apps/php-getting-started$ 
==========================================================
When you create an app, a git remote (called heroku) is also created and associated with your local git 
repository. Heroku generates a random name (in this case sharp-rain-871) for your app, or you can pass a 
parameter to specify your own app name.
==========================================================
git config -l -list all options 
cn22@cnadmin:~/softwr/heroku/apps/php-getting-started$ git config --list
core.repositoryformatversion=0
core.filemode=true
core.bare=false
core.logallrefupdates=true
remote.origin.url=https://github.com/heroku/php-getting-started.git
remote.origin.fetch=+refs/heads/*:refs/remotes/origin/*
branch.master.remote=origin
branch.master.merge=refs/heads/master
remote.heroku.url=https://git.heroku.com/stark-badlands-91540.git
remote.heroku.fetch=+refs/heads/*:refs/remotes/heroku/*
--------------------------------------------------------------------
Posting to remote heroku:
cn22@cnadmin:~/softwr/heroku/apps/php-getting-started$ git push heroku master
Counting objects: 178, done.
Delta compression using up to 4 threads.
Compressing objects: 100% (95/95), done.
Writing objects: 100% (178/178), 48.02 KiB | 0 bytes/s, done.
Total 178 (delta 69), reused 178 (delta 69)
remote: Compressing source files... done.
remote: Building source:
remote: 
remote: -----> PHP app detected
remote: -----> Bootstrapping...
remote: -----> Installing platform packages...
remote:        NOTICE: No runtime required in composer.json; requirements
remote:        from dependencies in composer.lock will be used for selection
remote:        - php (7.4.2)
remote:        - apache (2.4.41)
remote:        - nginx (1.16.1)
remote: -----> Installing dependencies...
remote:        Composer version 1.9.3 2020-02-04 12:58:49
remote:        Loading composer repositories with package information
remote:        Installing dependencies from lock file
remote:        Package operations: 12 installs, 0 updates, 0 removals
remote:          - Installing psr/log (1.0.2): Downloading (100%)
remote:          - Installing monolog/monolog (1.22.1): Downloading (100%)
remote:          - Installing symfony/routing (v3.2.7): Downloading (100%)
remote:          - Installing symfony/polyfill-mbstring (v1.3.0): Downloading (100%)
remote:          - Installing symfony/http-foundation (v3.2.7): Downloading (100%)
remote:          - Installing symfony/event-dispatcher (v3.2.7): Downloading (100%)
remote:          - Installing symfony/debug (v3.2.7): Downloading (100%)
remote:          - Installing symfony/http-kernel (v3.2.7): Downloading (100%)
remote:          - Installing pimple/pimple (v3.0.2): Downloading (100%)
remote:          - Installing silex/silex (v2.0.4): Downloading (100%)
remote:          - Installing twig/twig (v2.3.0): Downloading (100%)
remote:          - Installing symfony/twig-bridge (v3.2.7): Downloading (100%)
remote:        Generating optimized autoload files
remote: -----> Preparing runtime environment...
remote: -----> Checking for additional extensions to install...
remote: -----> Discovering process types
remote:        Procfile declares types -> web
remote: 
remote: -----> Compressing...
remote:        Done: 15.4M
remote: -----> Launching...
remote:        Released v3
remote:        https://stark-badlands-91540.herokuapp.com/ deployed to Heroku
remote: 
remote: Verifying deploy... done.
To https://git.heroku.com/stark-badlands-91540.git
 * [new branch]      master -> master
---------------------------------------------------------
The application is now deployed. Ensure that at least one instance of the app is running:
cn22@cnadmin:~/softwr/heroku/apps/php-getting-started$ bash ~/softwr/heroku/bin/heroku ps:scale web=1
Scaling dynos... done, now running web at 1:Free
cn22@cnadmin:~/softwr/heroku/apps/php-getting-started$ 
===============================================================================
Logs generated:
cn22@cnadmin:~/softwr/heroku/apps/php-getting-started$ bash ~/softwr/heroku/bin/heroku logs --tail
2020-02-26T06:41:14.234287+00:00 app[api]: Initial release by user arunava.banerjee@capitalnumbers.com
2020-02-26T06:41:14.391998+00:00 app[api]: Enable Logplex by user arunava.banerjee@capitalnumbers.com
2020-02-26T06:41:14.234287+00:00 app[api]: Release v1 created by user arunava.banerjee@capitalnumbers.com
2020-02-26T06:41:14.391998+00:00 app[api]: Release v2 created by user arunava.banerjee@capitalnumbers.com
2020-02-26T06:41:55.149795+00:00 heroku[router]: at=info code=H81 desc="Blank app" method=GET path="/" host=stark-badlands-91540.herokuapp.com request_id=bb10de80-851d-433b-9c01-950964cbae71 fwd="111.93.173.178" dyno= connect= service= status=502 bytes= protocol=https
2020-02-26T06:41:55.553005+00:00 heroku[router]: at=info code=H81 desc="Blank app" method=GET path="/favicon.ico" host=stark-badlands-91540.herokuapp.com request_id=67ebe8f2-55d7-42a5-990f-cd77703e4336 fwd="111.93.173.178" dyno= connect= service= status=502 bytes= protocol=https
2020-02-26T07:08:40.000000+00:00 app[api]: Build started by user arunava.banerjee@capitalnumbers.com
2020-02-26T07:08:51.111947+00:00 app[api]: Deploy 4f2369ca by user arunava.banerjee@capitalnumbers.com
2020-02-26T07:08:51.111947+00:00 app[api]: Release v3 created by user arunava.banerjee@capitalnumbers.com
2020-02-26T07:08:51.130202+00:00 app[api]: Scaled to web@1:Free by user arunava.banerjee@capitalnumbers.com
2020-02-26T07:08:51.000000+00:00 app[api]: Build succeeded
2020-02-26T07:08:53.258539+00:00 heroku[web.1]: Starting process with command `vendor/bin/heroku-php-apache2 web/`
2020-02-26T07:08:56.178734+00:00 app[web.1]: DOCUMENT_ROOT changed to 'web/'
2020-02-26T07:08:56.249547+00:00 app[web.1]: Detected 536870912 Bytes of RAM
2020-02-26T07:08:56.276568+00:00 app[web.1]: PHP memory_limit is 128M Bytes
2020-02-26T07:08:56.283860+00:00 app[web.1]: Starting php-fpm with 4 workers...
2020-02-26T07:08:56.368455+00:00 app[web.1]: Starting httpd...
2020-02-26T07:08:56.639552+00:00 heroku[web.1]: State changed from starting to up
2020-02-26T07:12:33.180265+00:00 heroku[router]: at=info method=GET path="/" host=stark-badlands-91540.herokuapp.com request_id=1feca9f9-a843-4373-8c88-d31ceeabec03 fwd="111.93.173.178" dyno=web.1 connect=2ms service=90ms status=200 bytes=6999 protocol=https
2020-02-26T07:12:33.133934+00:00 app[web.1]: [2020-02-26 07:12:33] app.INFO: Matched route "{route}". {"route":"GET_","route_parameters":{"_controller":"[object] (Closure: {})","_route":"GET_"},"request_uri":"http://stark-badlands-91540.herokuapp.com/","method":"GET"} []
2020-02-26T07:12:33.134010+00:00 app[web.1]: [2020-02-26 07:12:33] app.DEBUG: > GET / [] []
2020-02-26T07:12:33.134184+00:00 app[web.1]: [2020-02-26 07:12:33] app.DEBUG: logging output. [] []
2020-02-26T07:12:33.167471+00:00 app[web.1]: [26-Feb-2020 07:12:33 UTC] PHP Deprecated:  Unparenthesized `a ? b : c ? d : e` is deprecated. Use either `(a ? b : c) ? d : e` or `a ? b : (c ? d : e)` in /app/vendor/twig/twig/lib/Twig/Node.php on line 42
2020-02-26T07:12:33.179485+00:00 app[web.1]: [2020-02-26 07:12:33] app.DEBUG: < 200 [] []
2020-02-26T07:12:33.180059+00:00 app[web.1]: 10.41.220.10 - - [26/Feb/2020:07:12:33 +0000] "GET / HTTP/1.1" 200 6793 "-" "Mozilla/5.0 (X11; Linux x86_64) AppleWebKit/537.36 (KHTML, like Gecko) Chrome/77.0.3865.75 Safari/537.36
2020-02-26T07:12:33.574190+00:00 heroku[router]: at=info method=GET path="/stylesheets/main.css" host=stark-badlands-91540.herokuapp.com request_id=93b5aedb-e68c-4585-b51c-85a65d563b7b fwd="111.93.173.178" dyno=web.1 connect=2ms service=10ms status=200 bytes=836 protocol=https
2020-02-26T07:12:33.568195+00:00 app[web.1]: 10.41.220.10 - - [26/Feb/2020:07:12:33 +0000] "GET /stylesheets/main.css HTTP/1.1" 200 605 "https://stark-badlands-91540.herokuapp.com/" "Mozilla/5.0 (X11; Linux x86_64) AppleWebKit/537.36 (KHTML, like Gecko) Chrome/77.0.3865.75 Safari/537.36
2020-02-26T07:12:33.573559+00:00 app[web.1]: 10.35.248.8 - - [26/Feb/2020:07:12:33 +0000] "GET /images/lang-logo.png HTTP/1.1" 200 1066 "https://stark-badlands-91540.herokuapp.com/" "Mozilla/5.0 (X11; Linux x86_64) AppleWebKit/537.36 (KHTML, like Gecko) Chrome/77.0.3865.75 Safari/537.36
2020-02-26T07:12:33.572825+00:00 heroku[router]: at=info method=GET path="/images/lang-logo.png" host=stark-badlands-91540.herokuapp.com request_id=16f53efb-dc9b-4a9b-9900-cdf841519e52 fwd="111.93.173.178" dyno=web.1 connect=1ms service=2ms status=200 bytes=1299 protocol=https
2020-02-26T07:12:34.377011+00:00 heroku[router]: at=info method=GET path="/favicon.ico" host=stark-badlands-91540.herokuapp.com request_id=7e0acb2c-9cd6-4b99-9e64-7b35bf8616ba fwd="111.93.173.178" dyno=web.1 connect=1ms service=11ms status=404 bytes=9970 protocol=https
2020-02-26T07:12:34.374058+00:00 app[web.1]: [2020-02-26 07:12:34] app.ERROR: Symfony\Component\HttpKernel\Exception\NotFoundHttpException: No route found for "GET /favicon.ico" (from "https://stark-badlands-91540.herokuapp.com/") (uncaught exception) at /app/vendor/symfony/http-kernel/EventListener/RouterListener.php line 125 {"exception":"[object] (Symfony\\Component\\HttpKernel\\Exception\\NotFoundHttpException(code: 0): No route found for \"GET /favicon.ico\" (from \"https://stark-badlands-91540.herokuapp.com/\") at /app/vendor/symfony/http-kernel/EventListener/RouterListener.php:125, Symfony\\Component\\Routing\\Exception\\ResourceNotFoundException(code: 0): No routes found for \"/favicon.ico\". at /app/vendor/symfony/routing/Matcher/UrlMatcher.php:98)"} []
2020-02-26T07:12:34.375754+00:00 app[web.1]: [2020-02-26 07:12:34] app.DEBUG: < 404 [] []
2020-02-26T07:12:34.376852+00:00 app[web.1]: 10.35.248.8 - - [26/Feb/2020:07:12:34 +0000] "GET /favicon.ico HTTP/1.1" 404 9750 "https://stark-badlands-91540.herokuapp.com/" "Mozilla/5.0 (X11; Linux x86_64) AppleWebKit/537.36 (KHTML, like Gecko) Chrome/77.0.3865.75 Safari/537.36
---- Ctrl+C to stop the logs 
=============================================
Define a Procfile
Use a Procfile, a text file in the root directory of your application, to explicitly declare what command should be executed to start your app.
The Procfile in the example app you deployed looks like this:
web: vendor/bin/heroku-php-apache2 web/
This declares a single process type, web, and the command needed to run it. The name web: is important here. It declares that this process type will be attached to the HTTP routing stack of Heroku, and receive web traffic when deployed.
Procfiles can contain additional process types. For example, you might declare one for a background worker process that processes items off of a queue.
=============================================
Right now, your app is running on a single web dyno. Think of a dyno as a lightweight container that runs the command specified in the Procfile.
You can check how many dynos are running using the ps command:
cn22@cnadmin:~/softwr/heroku/apps/php-getting-started$ bash ~/softwr/heroku/bin/heroku ps 
Free dyno hours quota remaining this month: 550h 0m (100%)
Free dyno usage for this app: 0h 0m (0%)
For more information on dyno sleeping and how to upgrade, see:
https://devcenter.heroku.com/articles/dyno-sleeping

=== web (Free): vendor/bin/heroku-php-apache2 web/ (1)
web.1: up 2020/02/26 12:38:56 +0530 (~ 11m ago)

cn22@cnadmin:~/softwr/heroku/apps/php-getting-started$ 
-------------------
By default, your app is deployed on a free dyno. Free dynos will sleep after a half hour of inactivity (if they donât receive any traffic). This causes a delay of a few seconds for the first request upon waking. Subsequent requests will perform normally. Free dynos also consume from a monthly, account-level quota of free dyno hours - as long as the quota is not exhausted, all free apps can continue to run.

To avoid dyno sleeping, you can upgrade to a hobby or professional dyno type as described in the Dyno Types article. For example, if you migrate your app to a professional dyno, you can easily scale it by running a command telling Heroku to execute a specific number of dynos, each running your web process type.

Scaling an application on Heroku is equivalent to changing the number of dynos that are running. Scale the number of web dynos to zero.

cn22@cnadmin:~/softwr/heroku/apps/php-getting-started$ bash ~/softwr/heroku/bin/heroku ps:scale web=1
Scaling dynos... done, now running web at 1:Free
Setting web=0, will stop the app from executing. 
=====================================================









